[23:02:23] [Decodo] 계정 sp3lqmo64w — 반찬/간편식/대용식 (432480) 하위 포함 13개 카테고리를 차례로 수집합니다. 목록은 한국 회선 확인 후 진행하고, 판매자 정보는 이 PC 회선입니다. 결과는 카테고리별 하위 폴더에 저장됩니다. 실패하면 회선을 바꿔 최대 3번, 저장된 지점부터 이어서 시도합니다.
[23:02:23] [카테고리 1/13] 반찬/간편식/대용식 (432480) 시작
[23:02:23] [카테고리 1/13] 이전 완료 결과 사용 — 반찬/간편식/대용식 (432480)
[23:02:23] [카테고리 1/13] 완료 — 반찬/간편식/대용식 (432480)
[23:02:23] [카테고리 2/13] 샐러드/닭가슴살 (432481) 시작
[23:02:24] [Decodo] 한국 회선 확인 — 14.49.188.2 (South Korea)
[23:02:54] 수집 완료: 고유 상품 97개 (로켓 제외 0개)
[23:02:55]   [프록시] 2차 세션 — 회선 IP 직접 접속 (프록시 미사용)
[23:02:56] Phase 4.5: 2차 세션 웜업 (회선 IP)...
[23:03:19]   2차 세션 준비 완료.
[23:03:34] Phase 6: 사업자정보 수집 (69명)...
[23:03:35] [카테고리 2/13] 완료 — 샐러드/닭가슴살 (432481)
[23:03:35] [카테고리 3/13] 간편과일/후레쉬컷 (432506) 시작
[23:04:19] [Decodo] 한국 회선 확인 — 220.93.206.100 (South Korea)
[23:13:33] 수집 완료: 고유 상품 134개 (로켓 제외 884개)
[23:13:33]   [프록시] 2차 세션 — 회선 IP 직접 접속 (프록시 미사용)
[23:13:34] Phase 4.5: 2차 세션 웜업 (회선 IP)...
[23:13:57]   2차 세션 준비 완료.
[23:14:33] Phase 6: 사업자정보 수집 (97명)...
[23:19:49] [카테고리 3/13] 완료 — 간편과일/후레쉬컷 (432506)
[23:19:49] [카테고리 4/13] 시리얼/쉐이크/선식 (432531) 시작
[23:20:29] [Decodo] 한국 회선 확인 — 221.140.142.73 (South Korea)
[23:29:47] 수집 완료: 고유 상품 109개 (로켓 제외 911개)
[23:29:47]   [프록시] 2차 세션 — 회선 IP 직접 접속 (프록시 미사용)
[23:29:48] Phase 4.5: 2차 세션 웜업 (회선 IP)...
[23:30:11]   2차 세션 준비 완료.
[23:30:40] Phase 6: 사업자정보 수집 (80명)...
[23:34:50] [카테고리 4/13] 완료 — 시리얼/쉐이크/선식 (432531)
[23:34:50] [카테고리 5/13] 즉석밥/도시락 (432554) 시작
[23:35:47] [Decodo] 한국 회선 확인 — 27.232.79.127 (South Korea)
[23:45:08] 수집 완료: 고유 상품 79개 (로켓 제외 941개)
[23:45:08]   [프록시] 2차 세션 — 회선 IP 직접 접속 (프록시 미사용)
[23:45:09] Phase 4.5: 2차 세션 웜업 (회선 IP)...
[23:45:33]   2차 세션 준비 완료.
[23:45:57] Phase 6: 사업자정보 수집 (47명)...
[23:48:35] [카테고리 5/13] 완료 — 즉석밥/도시락 (432554)
[23:48:35] [카테고리 6/13] 즉석죽/스프 (432568) 시작
[23:49:18] [Decodo] 한국 회선 확인 — 112.160.141.246 (South Korea)
[23:58:33] 수집 완료: 고유 상품 73개 (로켓 제외 946개)
[23:58:33]   [프록시] 2차 세션 — 회선 IP 직접 접속 (프록시 미사용)
[23:58:34] Phase 4.5: 2차 세션 웜업 (회선 IP)...
[23:58:34]   [HTTP 403] https://www.coupang.com/
[23:58:36]     [차단 진단] 차단 응답 저장: C:\Users\WDAGUtilityAccount\Desktop\ShipTestRun\output\즉석죽_스프_432568\blocked_home_warmup_20260927_235836.html (Akamai 접근 거부 — 회선 또는 브라우저 상태 확인 필요 | Reference #18.fa3c117.1790521115.88973e17) (최종 URL: https://www.coupang.com/)
[23:58:37]   차단 상태 기록: C:\Users\WDAGUtilityAccount\Desktop\ShipTestRun\output\즉석죽_스프_432568\coupang_block_state.json — 12시간 쿨다운 후 재시도하세요.
[23:58:37] [카테고리 6/13] 중단 — 즉석죽/스프 (432568) (error)
