[00:37:05] [Decodo] 계정 sp3lqmo64w — 반찬/간편식/대용식 (432480) 하위 포함 13개 카테고리를 차례로 수집합니다. 목록은 한국 회선 확인 후 진행하고, 판매자 정보는 이 PC 회선입니다. 결과는 카테고리별 하위 폴더에 저장됩니다. 실패하면 회선을 바꿔 최대 3번, 저장된 지점부터 이어서 시도합니다.
[00:37:05] [재개] 이어서 수집 — 완료 5/13개, 진행 중 1개
이어서 수집하면 완료된 카테고리는 건너뜁니다.
[00:37:05] [카테고리 1/13] 반찬/간편식/대용식 (432480) 시작
[00:37:05] [카테고리 1/13] 이전 완료 결과 사용 — 반찬/간편식/대용식 (432480)
[00:37:05] [카테고리 1/13] 완료 — 반찬/간편식/대용식 (432480)
[00:37:05] [카테고리 2/13] 샐러드/닭가슴살 (432481) 시작
[00:37:05] [카테고리 2/13] 이전 완료 결과 사용 — 샐러드/닭가슴살 (432481)
[00:37:05] [카테고리 2/13] 완료 — 샐러드/닭가슴살 (432481)
[00:37:05] [카테고리 3/13] 간편과일/후레쉬컷 (432506) 시작
[00:37:05] [카테고리 3/13] 이전 완료 결과 사용 — 간편과일/후레쉬컷 (432506)
[00:37:05] [카테고리 3/13] 완료 — 간편과일/후레쉬컷 (432506)
[00:37:05] [카테고리 4/13] 시리얼/쉐이크/선식 (432531) 시작
[00:37:05] [카테고리 4/13] 이전 완료 결과 사용 — 시리얼/쉐이크/선식 (432531)
[00:37:05] [카테고리 4/13] 완료 — 시리얼/쉐이크/선식 (432531)
[00:37:05] [카테고리 5/13] 즉석밥/도시락 (432554) 시작
[00:37:05] [카테고리 5/13] 이전 완료 결과 사용 — 즉석밥/도시락 (432554)
[00:37:05] [카테고리 5/13] 완료 — 즉석밥/도시락 (432554)
[00:37:05] [카테고리 6/13] 즉석죽/스프 (432568) 시작
[00:37:05] [Decodo] 카테고리 폴더: C:\Users\WDAGUtilityAccount\Desktop\ShipTestRun\output\즉석죽_스프_432568
[00:37:05] [재개] 이어서 수집 — 마지막 확인 페이지 19 / 상품 73개 / 확인된 판매자 0명
[00:37:05] [Decodo] 회선 확인 1/3 — user-sp3lqmo64w-session-t101523425-sessionduration-1440-country-kr
[00:37:06] [Decodo] 한국 회선 확인 — 118.44.164.211 (South Korea)
[00:37:06] [Decodo] 시도 1/3 — 한국 고정 회선 (user-sp3lqmo64w-session-t101523425-sessionduration-1440-country-kr)
[00:37:06]   [프록시] 경유: user-sp3lqmo64w-session-t101523425-sessionduration-1440-country-kr
[00:37:07]   Chromium 영속 프로필 사용: C:\Users\WDAGUtilityAccount\Desktop\ShipTestRun\output\즉석죽_스프_432568\.chromium_profile_try1_fa3d730fa3\proxy
[00:37:07] Phase 1: 웜업 시작...
[00:37:12]   로그인 상태를 확인할 수 없습니다.
[00:37:33]   Akamai 검증 완료.
[00:37:33] [재개] 목록 단계는 이미 완료 — 저장된 상품 73개를 사용합니다 (목록 재요청 없음)
[00:37:33] Phase 2: SRP 수집 — 카테고리 전용 모드, 건너뜀
[00:37:33] Phase 3: 가격 밴드 수집 — 카테고리 전용 모드, 건너뜀
[00:37:33] 수집 완료: 고유 상품 73개 (로켓 제외 0개)
[00:37:33] vendorItemId 73개 → 스토어 매핑 준비
[00:37:33]   [프록시] 2차 전환 — 판매자 API 단계는 회선 IP 세션으로 진행 (프록시 IP getStoreReview 403 실측)
[00:37:33]   [프록시] 2차 세션 — 회선 IP 직접 접속 (프록시 미사용)
[00:37:34]   Chromium 영속 프로필 사용: C:\Users\WDAGUtilityAccount\Desktop\ShipTestRun\output\즉석죽_스프_432568\.chromium_profile_try1_fa3d730fa3\direct
[00:37:34] Phase 4.5: 2차 세션 웜업 (회선 IP)...
[00:37:37]   비로그인 세션입니다 — 익명 신뢰 등급으로 수집합니다.
[00:37:57]   2차 세션 준비 완료.
[00:37:57] Phase 5: vendor 매핑...
[00:38:06]   Batch 1/8: 10건 → 10건
[00:38:08]   Batch 2/8: 10건 → 10건
[00:38:10]   Batch 3/8: 10건 → 10건
[00:38:12]   Batch 4/8: 10건 → 10건
[00:38:13]   Batch 5/8: 10건 → 10건
[00:38:15]   Batch 6/8: 10건 → 10건
[00:38:16]   Batch 7/8: 10건 → 10건
[00:38:18]   Batch 8/8: 3건 → 3건
[00:38:19]   고유 판매자: 36명
[00:38:19] Phase 6: 사업자정보 수집 (36명)...
[00:40:13] Phase 7: 결과 저장...
[00:40:13]   저장: C:\Users\WDAGUtilityAccount\Desktop\ShipTestRun\output\즉석죽_스프_432568\coupang_category_반찬_간편식_대용식_20260928_003703_432568_try1.json
[00:40:14] [Decodo] 시도 1 성공 — 상품 73개, 판매자 36명
[00:40:14] [카테고리 6/13] 완료 — 즉석죽/스프 (432568)
[00:40:14] [카테고리 7/13] 라면/파스타/면 (432572) 시작
[00:40:14]   카테고리 전환 쿨다운 48초...
[00:41:02] [Decodo] 카테고리 폴더: C:\Users\WDAGUtilityAccount\Desktop\ShipTestRun\output\라면_파스타_면_432572
[00:41:02] [Decodo] 회선 확인 1/3 — user-sp3lqmo64w-session-t101523662-sessionduration-1440-country-kr
[00:41:03] [Decodo] 한국 회선 확인 — 118.38.206.210 (South Korea)
[00:41:03] [Decodo] 시도 1/3 — 한국 고정 회선 (user-sp3lqmo64w-session-t101523662-sessionduration-1440-country-kr)
[00:41:03]   [프록시] 경유: user-sp3lqmo64w-session-t101523662-sessionduration-1440-country-kr
[00:41:04]   Chromium 영속 프로필 사용: C:\Users\WDAGUtilityAccount\Desktop\ShipTestRun\output\라면_파스타_면_432572\.chromium_profile_try1_af3dfcc417\proxy
[00:41:04] Phase 1: 웜업 시작...
[00:41:09]   로그인 상태를 확인할 수 없습니다.
[00:41:29]   Akamai 검증 완료.
[00:41:29] Phase 2: SRP 수집 — 카테고리 전용 모드, 건너뜀
[00:41:29] Phase 3: 가격 밴드 수집 — 카테고리 전용 모드, 건너뜀
[00:41:29] Phase 4: 카테고리 PLP 수집 — 라면/파스타/면 외 0개 (카테고리당 최대 200페이지)
[00:41:29]   [1/1] 카테고리 '라면/파스타/면' (432572) 시작
[00:41:29]     [진입] 홈에 카테고리 링크 없음 — 직접 접속으로 진행
[00:41:29]     [page 1] 로드...
[00:41:42]     [page 1] 신규 0개 (누적 0)
[00:41:42]     딜레이 18초...
[00:42:00]     [page 2] 로드...
[00:42:11]     [page 2] 신규 3개 (누적 3)
[00:42:11]     딜레이 16초...
[00:42:27]     [page 3] 로드...
[00:42:38]     [page 3] 신규 2개 (누적 5)
[00:42:38]     딜레이 18초...
[00:42:56]     [page 4] 로드...
[00:43:07]     [page 4] 신규 2개 (누적 7)
[00:43:07]     딜레이 19초...
[00:43:26]     [page 5] 로드...
[00:43:37]     [page 5] 신규 2개 (누적 9)
[00:43:37]     딜레이 17초...
[00:43:55]     [page 6] 로드...
[00:44:06]     [page 6] 신규 10개 (누적 19)
[00:44:06]     딜레이 17초...
[00:44:23]     [page 7] 로드...
[00:44:34]     [page 7] 신규 5개 (누적 24)
[00:44:34]     딜레이 20초...
[00:44:53]     [page 8] 로드...
[00:45:03]     [page 8] 신규 6개 (누적 30)
[00:45:03]     딜레이 17초...
[00:45:20]     [page 9] 로드...
[00:45:31]     [page 9] 신규 4개 (누적 34)
[00:45:31]     딜레이 17초...
[00:45:48]     [page 10] 로드...
[00:45:58]     [page 10] 신규 1개 (누적 35)
[00:45:58]     딜레이 16초...
