[00:40:14] [카테고리 7/13] 라면/파스타/면 (432572) 시작
[00:40:14]   카테고리 전환 쿨다운 48초...
[00:41:02] [Decodo] 카테고리 폴더: C:\Users\WDAGUtilityAccount\Desktop\ShipTestRun\output\라면_파스타_면_432572
[00:41:02] [Decodo] 회선 확인 1/3 — user-sp3lqmo64w-session-t101523662-sessionduration-1440-country-kr
[00:41:03] [Decodo] 한국 회선 확인 — 118.38.206.210 (South Korea)
[00:41:03] [Decodo] 시도 1/3 — 한국 고정 회선 (user-sp3lqmo64w-session-t101523662-sessionduration-1440-country-kr)
[00:41:03]   [프록시] 경유: user-sp3lqmo64w-session-t101523662-sessionduration-1440-country-kr
[00:41:04]   Chromium 영속 프로필 사용: C:\Users\WDAGUtilityAccount\Desktop\ShipTestRun\output\라면_파스타_면_432572\.chromium_profile_try1_af3dfcc417\proxy
[00:41:04] Phase 1: 웜업 시작...
[00:41:09]   로그인 상태를 확인할 수 없습니다.
[00:41:29]   Akamai 검증 완료.
[00:41:29] Phase 2: SRP 수집 — 카테고리 전용 모드, 건너뜀
[00:41:29] Phase 3: 가격 밴드 수집 — 카테고리 전용 모드, 건너뜀
[00:41:29] Phase 4: 카테고리 PLP 수집 — 라면/파스타/면 외 0개 (카테고리당 최대 200페이지)
[00:41:29]   [1/1] 카테고리 '라면/파스타/면' (432572) 시작
[00:41:29]     [진입] 홈에 카테고리 링크 없음 — 직접 접속으로 진행
[00:41:29]     [page 1] 로드...
[00:41:42]     [page 1] 신규 0개 (누적 0)
[00:41:42]     딜레이 18초...
[00:42:00]     [page 2] 로드...
[00:42:11]     [page 2] 신규 3개 (누적 3)
[00:42:11]     딜레이 16초...
[00:42:27]     [page 3] 로드...
[00:42:38]     [page 3] 신규 2개 (누적 5)
[00:42:38]     딜레이 18초...
[00:42:56]     [page 4] 로드...
[00:43:07]     [page 4] 신규 2개 (누적 7)
[00:43:07]     딜레이 19초...
[00:43:26]     [page 5] 로드...
[00:43:37]     [page 5] 신규 2개 (누적 9)
[00:43:37]     딜레이 17초...
[00:43:55]     [page 6] 로드...
[00:44:06]     [page 6] 신규 10개 (누적 19)
[00:44:06]     딜레이 17초...
[00:44:23]     [page 7] 로드...
[00:44:34]     [page 7] 신규 5개 (누적 24)
[00:44:34]     딜레이 20초...
[00:44:53]     [page 8] 로드...
[00:45:03]     [page 8] 신규 6개 (누적 30)
[00:45:03]     딜레이 17초...
[00:45:20]     [page 9] 로드...
[00:45:31]     [page 9] 신규 4개 (누적 34)
[00:45:31]     딜레이 17초...
[00:45:48]     [page 10] 로드...
[00:45:58]     [page 10] 신규 1개 (누적 35)
[00:45:58]     딜레이 16초...
[00:46:14]     [page 11] 로드...
[00:46:24]     [page 11] 신규 0개 (누적 35)
[00:46:24]     딜레이 15초...
[00:46:39]     [page 12] 로드...
[00:46:51]     [page 12] 신규 3개 (누적 38)
[00:46:51]     딜레이 20초...
[00:47:11]     [page 13] 로드...
[00:47:20]     [page 13] 신규 0개 (누적 38)
[00:47:20]     딜레이 19초...
[00:47:39]     [page 14] 로드...
[00:47:51]     [page 14] 신규 1개 (누적 39)
[00:47:51]     딜레이 18초...
[00:48:09]     [page 15] 로드...
[00:48:20]     [page 15] 신규 0개 (누적 39)
[00:48:20]     딜레이 17초...
[00:48:37]     [page 16] 로드...
[00:48:49]     [page 16] 신규 0개 (누적 39)
[00:48:49]     딜레이 20초...
[00:49:08]     [page 17] 로드...
[00:49:20]     [page 17] 신규 0개 (누적 39)
[00:49:20]     딜레이 17초...
[00:49:37]     [page 18] 로드...
[00:49:48]     [page 18] 신규 0개 (누적 39)
[00:49:48]     딜레이 18초...
[00:50:06]     [page 19] 로드...
[00:50:17]     [page 19] 신규 0개 (누적 39)
[00:50:17]     빈 페이지 2회 연속 — '라면/파스타/면' 종료
[00:50:17] 수집 완료: 고유 상품 39개 (로켓 제외 978개)
[00:50:17] vendorItemId 39개 → 스토어 매핑 준비
[00:50:17]   [프록시] 2차 전환 — 판매자 API 단계는 회선 IP 세션으로 진행 (프록시 IP getStoreReview 403 실측)
[00:50:18]   [프록시] 2차 세션 — 회선 IP 직접 접속 (프록시 미사용)
[00:50:19]   Chromium 영속 프로필 사용: C:\Users\WDAGUtilityAccount\Desktop\ShipTestRun\output\라면_파스타_면_432572\.chromium_profile_try1_af3dfcc417\direct
[00:50:19] Phase 4.5: 2차 세션 웜업 (회선 IP)...
[00:50:19]   [HTTP 403] https://www.coupang.com/
[00:50:21]     [차단 진단] 차단 응답 저장: C:\Users\WDAGUtilityAccount\Desktop\ShipTestRun\output\라면_파스타_면_432572\blocked_home_warmup_20260928_005021.html (Akamai 접근 거부 — 회선 또는 브라우저 상태 확인 필요 | Reference #18.c5023517.1790524219.13d45c38) (최종 URL: https://www.coupang.com/)
[00:50:21] 오류: 홈 웜업 단계에서 차단 감지: 소프트 블록 (447자) — Akamai 접근 거부 — 회선 또는 브라우저 상태 확인 필요. 사이트가 현재 접속을 거부했습니다.
[00:50:21]   차단 상태 기록: C:\Users\WDAGUtilityAccount\Desktop\ShipTestRun\output\라면_파스타_면_432572\coupang_block_state.json — 12시간 쿨다운 후 재시도하세요.
[00:50:21] [Decodo] 시도 1 실패 (blocked)
[00:50:21] [카테고리 7/13] 중단 — 라면/파스타/면 (432572) (error)
[00:50:21] [오류] 라면/파스타/면 (432572): 홈 웜업 단계에서 차단 감지: 소프트 블록 (447자) — Akamai 접근 거부 — 회선 또는 브라우저 상태 확인 필요. 사이트가 현재 접속을 거부했습니다.
[00:50:21] [실패] 라면/파스타/면 (432572): 홈 웜업 단계에서 차단 감지: 소프트 블록 (447자) — Akamai 접근 거부 — 회선 또는 브라우저 상태 확인 필요. 사이트가 현재 접속을 거부했습니다.
