[23:02:23] [Decodo] 계정 sp3lqmo64w — 반찬/간편식/대용식 (432480) 하위 포함 13개 카테고리를 차례로 수집합니다. 목록은 한국 회선 확인 후 진행하고, 판매자 정보는 이 PC 회선입니다. 결과는 카테고리별 하위 폴더에 저장됩니다. 실패하면 회선을 바꿔 최대 3번, 저장된 지점부터 이어서 시도합니다.
[23:02:23] [재개] 이어서 수집 — 완료 1/13개, 진행 중 1개
이어서 수집하면 완료된 카테고리는 건너뜁니다.
[23:02:23] [카테고리 1/13] 반찬/간편식/대용식 (432480) 시작
[23:02:23] [카테고리 1/13] 이전 완료 결과 사용 — 반찬/간편식/대용식 (432480)
[23:02:23] [카테고리 1/13] 완료 — 반찬/간편식/대용식 (432480)
[23:02:23] [카테고리 2/13] 샐러드/닭가슴살 (432481) 시작
[23:02:23] [Decodo] 카테고리 폴더: C:\Users\WDAGUtilityAccount\Desktop\ShipTestRun\output\샐러드_닭가슴살_432481
[23:02:23] [재개] 이어서 수집 — 마지막 확인 페이지 19 / 상품 97개 / 확인된 판매자 69명
[23:02:23] [Decodo] 회선 확인 1/3 — user-sp3lqmo64w-session-t101517743-sessionduration-1440-country-kr
[23:02:24] [Decodo] 한국 회선 확인 — 14.49.188.2 (South Korea)
[23:02:24] [Decodo] 시도 1/3 — 한국 고정 회선 (user-sp3lqmo64w-session-t101517743-sessionduration-1440-country-kr)
[23:02:24]   [프록시] 경유: user-sp3lqmo64w-session-t101517743-sessionduration-1440-country-kr
[23:02:26]   Chromium 영속 프로필 사용: C:\Users\WDAGUtilityAccount\Desktop\ShipTestRun\output\샐러드_닭가슴살_432481\.chromium_profile_try1_96a88f79a4\proxy
[23:02:26] Phase 1: 웜업 시작...
[23:02:34]   로그인 상태를 확인할 수 없습니다.
[23:02:54]   Akamai 검증 완료.
[23:02:54] [재개] 목록 단계는 이미 완료 — 저장된 상품 97개를 사용합니다 (목록 재요청 없음)
[23:02:54] Phase 2: SRP 수집 — 카테고리 전용 모드, 건너뜀
[23:02:54] Phase 3: 가격 밴드 수집 — 카테고리 전용 모드, 건너뜀
[23:02:54] 수집 완료: 고유 상품 97개 (로켓 제외 0개)
[23:02:54] vendorItemId 97개 → 스토어 매핑 준비
[23:02:54]   [프록시] 2차 전환 — 판매자 API 단계는 회선 IP 세션으로 진행 (프록시 IP getStoreReview 403 실측)
[23:02:55]   [프록시] 2차 세션 — 회선 IP 직접 접속 (프록시 미사용)
[23:02:56]   Chromium 영속 프로필 사용: C:\Users\WDAGUtilityAccount\Desktop\ShipTestRun\output\샐러드_닭가슴살_432481\.chromium_profile_try1_96a88f79a4\direct
[23:02:56] Phase 4.5: 2차 세션 웜업 (회선 IP)...
[23:02:59]   로그인 상태를 확인할 수 없습니다.
[23:03:19]   2차 세션 준비 완료.
[23:03:19] Phase 5: vendor 매핑...
[23:03:19]   [재개] 매핑 69건은 저장본 사용 — 신규 28건만 매핑합니다
[23:03:29]   Batch 1/3: 10건 → 10건
[23:03:31]   Batch 2/3: 10건 → 10건
[23:03:33]   Batch 3/3: 8건 → 8건
[23:03:34]   고유 판매자: 69명
[23:03:34] Phase 6: 사업자정보 수집 (69명)...
[23:03:34]   [  1/69] A00017880: (저장됨 — API 호출 없이 복원)
[23:03:34]   [  2/69] A00029731: (저장됨 — API 호출 없이 복원)
[23:03:34]   [  3/69] A00042240: (저장됨 — API 호출 없이 복원)
[23:03:34]   [  4/69] A00046970: (저장됨 — API 호출 없이 복원)
[23:03:34]   [  5/69] A00058910: (저장됨 — API 호출 없이 복원)
[23:03:34]   [  6/69] A00067458: (저장됨 — API 호출 없이 복원)
[23:03:34]   [  7/69] A00082336: (저장됨 — API 호출 없이 복원)
[23:03:34]   [  8/69] A00084822: (저장됨 — API 호출 없이 복원)
[23:03:34]   [  9/69] A00106361: (저장됨 — API 호출 없이 복원)
[23:03:34]   [ 10/69] A00109460: (저장됨 — API 호출 없이 복원)
[23:03:34]   [ 11/69] A00118960: (저장됨 — API 호출 없이 복원)
[23:03:34]   [ 12/69] A00129521: (저장됨 — API 호출 없이 복원)
[23:03:34]   [ 13/69] A00130179: (저장됨 — API 호출 없이 복원)
[23:03:34]   [ 14/69] A00130924: (저장됨 — API 호출 없이 복원)
[23:03:34]   [ 15/69] A00153050: (저장됨 — API 호출 없이 복원)
[23:03:34]   [ 16/69] A00167553: (저장됨 — API 호출 없이 복원)
[23:03:34]   [ 17/69] A00169241: (저장됨 — API 호출 없이 복원)
[23:03:34]   [ 18/69] A00174133: (저장됨 — API 호출 없이 복원)
[23:03:34]   [ 19/69] A00196482: (저장됨 — API 호출 없이 복원)
[23:03:34]   [ 20/69] A00201345: (저장됨 — API 호출 없이 복원)
[23:03:34]   [ 21/69] A00210631: (저장됨 — API 호출 없이 복원)
[23:03:34]   [ 22/69] A00219145: (저장됨 — API 호출 없이 복원)
[23:03:34]   [ 23/69] A00224034: (저장됨 — API 호출 없이 복원)
[23:03:34]   [ 24/69] A00239623: (저장됨 — API 호출 없이 복원)
[23:03:34]   [ 25/69] A00244145: (저장됨 — API 호출 없이 복원)
[23:03:34]   [ 26/69] A00260043: (저장됨 — API 호출 없이 복원)
[23:03:34]   [ 27/69] A00305641: (저장됨 — API 호출 없이 복원)
[23:03:34]   [ 28/69] A00331447: (저장됨 — API 호출 없이 복원)
[23:03:34]   [ 29/69] A00365978: (저장됨 — API 호출 없이 복원)
[23:03:34]   [ 30/69] A00369461: (저장됨 — API 호출 없이 복원)
[23:03:34]   [ 31/69] A00372532: (저장됨 — API 호출 없이 복원)
[23:03:34]   [ 32/69] A00373730: (저장됨 — API 호출 없이 복원)
[23:03:34]   [ 33/69] A00374942: (저장됨 — API 호출 없이 복원)
[23:03:34]   [ 34/69] A00413779: (저장됨 — API 호출 없이 복원)
[23:03:34]   [ 35/69] A00418885: (저장됨 — API 호출 없이 복원)
[23:03:34]   [ 36/69] A00435446: (저장됨 — API 호출 없이 복원)
[23:03:34]   [ 37/69] A00447779: (저장됨 — API 호출 없이 복원)
[23:03:34]   [ 38/69] A00460480: (저장됨 — API 호출 없이 복원)
[23:03:34]   [ 39/69] A00471261: (저장됨 — API 호출 없이 복원)
[23:03:34]   [ 40/69] A00486560: (저장됨 — API 호출 없이 복원)
[23:03:34]   [ 41/69] A00512201: (저장됨 — API 호출 없이 복원)
[23:03:34]   [ 42/69] A00604413: (저장됨 — API 호출 없이 복원)
[23:03:34]   [ 43/69] A00647530: (저장됨 — API 호출 없이 복원)
[23:03:34]   [ 44/69] A00740832: (저장됨 — API 호출 없이 복원)
[23:03:34]   [ 45/69] A00814398: (저장됨 — API 호출 없이 복원)
[23:03:34]   [ 46/69] A00820248: (저장됨 — API 호출 없이 복원)
[23:03:34]   [ 47/69] A00902204: (저장됨 — API 호출 없이 복원)
[23:03:34]   [ 48/69] A00903476: (저장됨 — API 호출 없이 복원)
[23:03:34]   [ 49/69] A00905437: (저장됨 — API 호출 없이 복원)
[23:03:34]   [ 50/69] A00912384: (저장됨 — API 호출 없이 복원)
[23:03:34]   [ 51/69] A00940577: (저장됨 — API 호출 없이 복원)
[23:03:34]   [ 52/69] A00947902: (저장됨 — API 호출 없이 복원)
[23:03:34]   [ 53/69] A00951375: (저장됨 — API 호출 없이 복원)
[23:03:34]   [ 54/69] A01077003: (저장됨 — API 호출 없이 복원)
[23:03:34]   [ 55/69] A01085546: (저장됨 — API 호출 없이 복원)
[23:03:34]   [ 56/69] A01092072: (저장됨 — API 호출 없이 복원)
[23:03:34]   [ 57/69] A01115601: (저장됨 — API 호출 없이 복원)
[23:03:34]   [ 58/69] A01278654: (저장됨 — API 호출 없이 복원)
[23:03:34]   [ 59/69] A01303849: (저장됨 — API 호출 없이 복원)
[23:03:34]   [ 60/69] A01400469: (저장됨 — API 호출 없이 복원)
[23:03:34]   [ 61/69] A01450293: (저장됨 — API 호출 없이 복원)
[23:03:34]   [ 62/69] A01578501: (저장됨 — API 호출 없이 복원)
[23:03:34]   [ 63/69] A01582324: (저장됨 — API 호출 없이 복원)
[23:03:34]   [ 64/69] A01665043: (저장됨 — API 호출 없이 복원)
[23:03:34]   [ 65/69] A01696341: (저장됨 — API 호출 없이 복원)
[23:03:34]   [ 66/69] A01698331: (저장됨 — API 호출 없이 복원)
[23:03:34]   [ 67/69] A01724546: (저장됨 — API 호출 없이 복원)
[23:03:34]   [ 68/69] A01783019: (저장됨 — API 호출 없이 복원)
[23:03:34]   [ 69/69] C00282264: (저장됨 — API 호출 없이 복원)
[23:03:34] Phase 7: 결과 저장...
[23:03:34]   저장: C:\Users\WDAGUtilityAccount\Desktop\ShipTestRun\output\샐러드_닭가슴살_432481\coupang_category_반찬_간편식_대용식_20260927_230153_432481_try1.json
[23:03:35] [Decodo] 시도 1 성공 — 상품 97개, 판매자 69명
[23:03:35] [카테고리 2/13] 완료 — 샐러드/닭가슴살 (432481)
[23:03:35] [카테고리 3/13] 간편과일/후레쉬컷 (432506) 시작
[23:03:35]   카테고리 전환 쿨다운 44초...
[23:04:18] [Decodo] 카테고리 폴더: C:\Users\WDAGUtilityAccount\Desktop\ShipTestRun\output\간편과일_후레쉬컷_432506
[23:04:18] [Decodo] 회선 확인 1/3 — user-sp3lqmo64w-session-t101517858-sessionduration-1440-country-kr
[23:04:19] [Decodo] 한국 회선 확인 — 220.93.206.100 (South Korea)
[23:04:19] [Decodo] 시도 1/3 — 한국 고정 회선 (user-sp3lqmo64w-session-t101517858-sessionduration-1440-country-kr)
[23:04:19]   [프록시] 경유: user-sp3lqmo64w-session-t101517858-sessionduration-1440-country-kr
[23:04:20]   Chromium 영속 프로필 사용: C:\Users\WDAGUtilityAccount\Desktop\ShipTestRun\output\간편과일_후레쉬컷_432506\.chromium_profile_try1_2e75a1e802\proxy
[23:04:20] Phase 1: 웜업 시작...
[23:04:27]   로그인 상태를 확인할 수 없습니다.
[23:04:47]   Akamai 검증 완료.
[23:04:47] Phase 2: SRP 수집 — 카테고리 전용 모드, 건너뜀
[23:04:47] Phase 3: 가격 밴드 수집 — 카테고리 전용 모드, 건너뜀
[23:04:47] Phase 4: 카테고리 PLP 수집 — 간편과일/후레쉬컷 외 0개 (카테고리당 최대 200페이지)
[23:04:47]   [1/1] 카테고리 '간편과일/후레쉬컷' (432506) 시작
[23:04:47]     [진입] 홈에 카테고리 링크 없음 — 직접 접속으로 진행
[23:04:47]     [page 1] 로드...
[23:04:59]     [page 1] 신규 12개 (누적 12)
[23:04:59]     딜레이 20초...
[23:05:19]     [page 2] 로드...
[23:05:30]     [page 2] 신규 22개 (누적 34)
[23:05:30]     딜레이 17초...
[23:05:47]     [page 3] 로드...
[23:05:59]     [page 3] 신규 18개 (누적 52)
[23:05:59]     딜레이 20초...
[23:06:19]     [page 4] 로드...
[23:06:31]     [page 4] 신규 24개 (누적 76)
[23:06:31]     딜레이 19초...
[23:06:50]     [page 5] 로드...
[23:07:00]     [page 5] 신규 19개 (누적 95)
[23:07:00]     딜레이 16초...
[23:07:16]     [page 6] 로드...
[23:07:25]     [page 6] 신규 16개 (누적 111)
[23:07:25]     딜레이 17초...
[23:07:42]     [page 7] 로드...
[23:07:51]     [page 7] 신규 11개 (누적 122)
[23:07:51]     딜레이 20초...
[23:08:11]     [page 8] 로드...
[23:08:23]     [page 8] 신규 4개 (누적 126)
[23:08:23]     딜레이 17초...
[23:08:39]     [page 9] 로드...
[23:08:51]     [page 9] 신규 4개 (누적 130)
[23:08:51]     딜레이 16초...
[23:09:07]     [page 10] 로드...
[23:09:16]     [page 10] 신규 2개 (누적 132)
[23:09:16]     딜레이 18초...
[23:09:34]     [page 11] 로드...
[23:09:43]     [page 11] 신규 0개 (누적 132)
[23:09:43]     딜레이 19초...
[23:10:02]     [page 12] 로드...
[23:10:11]     [page 12] 신규 1개 (누적 133)
[23:10:11]     딜레이 16초...
[23:10:28]     [page 13] 로드...
[23:10:38]     [page 13] 신규 0개 (누적 133)
[23:10:38]     딜레이 19초...
[23:10:57]     [page 14] 로드...
[23:11:08]     [page 14] 신규 0개 (누적 133)
[23:11:08]     딜레이 19초...
[23:11:27]     [page 15] 로드...
[23:11:37]     [page 15] 신규 1개 (누적 134)
[23:11:37]     딜레이 19초...
[23:11:55]     [page 16] 로드...
[23:12:06]     [page 16] 신규 0개 (누적 134)
[23:12:06]     딜레이 17초...
[23:12:22]     [page 17] 로드...
[23:12:32]     [page 17] 신규 0개 (누적 134)
[23:12:32]     딜레이 20초...
[23:12:52]     [page 18] 로드...
[23:13:02]     [page 18] 신규 0개 (누적 134)
[23:13:02]     딜레이 20초...
[23:13:21]     [page 19] 로드...
[23:13:33]     [page 19] 신규 0개 (누적 134)
[23:13:33]     빈 페이지 2회 연속 — '간편과일/후레쉬컷' 종료
[23:13:33] 수집 완료: 고유 상품 134개 (로켓 제외 884개)
[23:13:33] vendorItemId 134개 → 스토어 매핑 준비
[23:13:33]   [프록시] 2차 전환 — 판매자 API 단계는 회선 IP 세션으로 진행 (프록시 IP getStoreReview 403 실측)
[23:13:33]   [프록시] 2차 세션 — 회선 IP 직접 접속 (프록시 미사용)
[23:13:34]   Chromium 영속 프로필 사용: C:\Users\WDAGUtilityAccount\Desktop\ShipTestRun\output\간편과일_후레쉬컷_432506\.chromium_profile_try1_2e75a1e802\direct
[23:13:34] Phase 4.5: 2차 세션 웜업 (회선 IP)...
[23:13:37]   비로그인 세션입니다 — 익명 신뢰 등급으로 수집합니다.
[23:13:57]   2차 세션 준비 완료.
[23:13:57] Phase 5: vendor 매핑...
[23:14:07]   Batch 1/14: 10건 → 10건
[23:14:09]   Batch 2/14: 10건 → 10건
[23:14:10]   Batch 3/14: 10건 → 10건
[23:14:12]   Batch 4/14: 10건 → 10건
[23:14:14]   Batch 5/14: 10건 → 10건
[23:14:16]   Batch 6/14: 10건 → 10건
[23:14:18]   Batch 7/14: 10건 → 10건
[23:14:20]   Batch 8/14: 10건 → 10건
[23:14:21]   Batch 9/14: 10건 → 10건
[23:14:23]   Batch 10/14: 10건 → 10건
[23:14:25]   Batch 11/14: 10건 → 10건
[23:14:27]   Batch 12/14: 10건 → 10건
[23:14:30]   Batch 13/14: 10건 → 10건
[23:14:32]   Batch 14/14: 4건 → 4건
[23:14:33]   고유 판매자: 97명
[23:14:33] Phase 6: 사업자정보 수집 (97명)...
[23:14:33]   [  1/97] A00005310: ㈜엔에스쇼핑
[23:14:37]   [  2/97] A00044418: 주식회사서래푸드 [POWER]
[23:14:40]   [  3/97] A00056473: 농업회사법인우리존(주) [POWER]
[23:14:43]   [  4/97] A00057777: (주)웰팜 [POWER]
[23:14:47]   [  5/97] A00064537: 주식회사마브
[23:14:51]   [  6/97] A00076169: 라이프서포터
[23:14:54]   [  7/97] A00076553: 참좋은곶감
[23:14:58]   [  8/97] A00111323: 유로고메이
[23:15:01]   [  9/97] A00113633: 웰루츠 [POWER]
[23:15:03]   [ 10/97] A00118853: (주)강남상사
[23:15:07]   [ 11/97] A00120304: 원시인농산물
[23:15:10]   [ 12/97] A00121149: 영광상사
[23:15:13]   [ 13/97] A00127986: 농업회사법인 선주에프앤비 주식회사 [POWER]
[23:15:16]   [ 14/97] A00130446: 화남 F.C
[23:15:19]   [ 15/97] A00135019: 신선맘 [POWER]
[23:15:22]   [ 16/97] A00145159: 주식회사 너트리
[23:15:26]   [ 17/97] A00150815: 놀부농장
[23:15:29]   [ 18/97] A00151028: 주식회사 그리심 [POWER]
[23:15:33]   [ 19/97] A00154676: 올찬식탁
[23:15:36]   [ 20/97] A00154964: 상주경천곶감농원
[23:15:39]   [ 21/97] A00160022: 주식회사 푸드올마켓(FOOD ALL MARKET)
[23:15:42]   [ 22/97] A00164762: 시온유통
[23:15:45]   [ 23/97] A00169312: 주식회사 달인식자재
[23:15:49]   [ 24/97] A00178643: 농업회사법인 주식회사 나은
[23:15:52]   [ 25/97] A00189501: 가람상점
[23:15:56]   [ 26/97] A00190029: 제이웨이아이엔티 주식회사
[23:15:59]   [ 27/97] A00198234: 월드무역 [POWER]
[23:16:02]   [ 28/97] A00205250: 농업회사법인 (주) 늘봄 [POWER]
[23:16:06]   [ 29/97] A00205535: 위너트레이딩
[23:16:09]   [ 30/97] A00209879: 푸드팜 [POWER]
[23:16:12]   [ 31/97] A00212683: 주식회사 올찬드림
[23:16:16]   [ 32/97] A00214212: 농업회사법인주식회사 미강
[23:16:19]   [ 33/97] A00218896: COMES(코메스)
[23:16:22]   [ 34/97] A00221450: 주식회사 푸드앳홈 [POWER]
[23:16:26]   [ 35/97] A00228033: 네이처러쉬
[23:16:30]   [ 36/97] A00269431: 싱싱모아팜
[23:16:33]   [ 37/97] A00276134: 청도로컬푸드협동조합
[23:16:37]   [ 38/97] A00292030: 주식회사 디에이
[23:16:40]   [ 39/97] A00298866: (주)지안
[23:16:42]   [ 40/97] A00326657: 새늘
[23:16:46]   [ 41/97] A00344286: 블랙퀘스트
[23:16:49]   [ 42/97] A00358842: 주영푸드
[23:16:53]   [ 43/97] A00455696: 그린농장
[23:16:56]   [ 44/97] A00469271: 주식회사 테이블스토리 [POWER]
[23:16:59]   [ 45/97] A00486560: (주)아토코리아
[23:17:02]   [ 46/97] A00630762: 현대케이씨무역
[23:17:05]   [ 47/97] A00649119: (주)삼경아이에스
[23:17:09]   [ 48/97] A00697540: 오수산 [POWER]
[23:17:12]   [ 49/97] A00750174: 천송이무화과농원
[23:17:15]   [ 50/97] A00762443: 주식회사 큐이디코퍼레이션(QED) [POWER]
[23:17:18]   [ 51/97] A00832102: 동송에프엔비 [POWER]
[23:17:22]   [ 52/97] A00852507: 주식회사 푸드팜 [POWER]
[23:17:25]   [ 53/97] A00866096: 주식회사 미성상회
[23:17:28]   [ 54/97] A00961668: 메이민
[23:17:31]   [ 55/97] A00962904: 원더존
[23:17:33]   [ 56/97] A00972933: 디버트
[23:17:36]   [ 57/97] A01021019: 주식회사 아이니즈
[23:17:39]   [ 58/97] A01035438: 데버그린(주)내츄럴스 지점 [POWER]
[23:17:42]   [ 59/97] A01074371: 글로벌푸드농업회사법인주식회사
[23:17:46]   [ 60/97] A01100477: (주)디에스씨앤에프 [POWER]
[23:17:50]   [ 61/97] A01100752: 주식회사 블레어
[23:17:53]   [ 62/97] A01145964: (주)산들네이처
[23:17:57]   [ 63/97] A01194511: 생활잡화몽땅
[23:18:00]   [ 64/97] A01249885: 주식회사 연지트레이드 [POWER]
[23:18:03]   [ 65/97] A01251443: 신박상회
[23:18:06]   [ 66/97] A01264129: (주)에스제이온
[23:18:09]   [ 67/97] A01272750: 은리베 디저트 카페
[23:18:13]   [ 68/97] A01278654: 주식회사 예스프레쉬
[23:18:16]   [ 69/97] A01297044: 쇼핑팡
[23:18:20]   [ 70/97] A01298255: 주식회사 도다인
[23:18:23]   [ 71/97] A01304570: 주식회사 제루통상 [POWER]
[23:18:26]   [ 72/97] A01382361: 명안
[23:18:29]   [ 73/97] A01405199: 티에스에이치컴퍼니
[23:18:32]   [ 74/97] A01463415: 주식회사 사계절농장 [POWER]
[23:18:35]   [ 75/97] A01473850: 원일푸드주식회사 [POWER]
[23:18:38]   [ 76/97] A01483761: 주식회사 다원그룹
[23:18:41]   [ 77/97] A01493843: 항성트레이드 주식회사
[23:18:45]   [ 78/97] A01494139: 주식회사 성금당 [POWER]
[23:18:48]   [ 79/97] A01511413: 그레잇
[23:18:51]   [ 80/97] A01575490: 주식회사 달콤나라앨리스
[23:18:54]   [ 81/97] A01581969: 성민컴퍼니
[23:18:56]   [ 82/97] A01595530: 두리인터네셔널
[23:18:59]   [ 83/97] A01597047: 주식회사 라쏠
[23:19:03]   [ 84/97] A01609718: 슬로우라운드
[23:19:06]   [ 85/97] A01641665: 청정팜
[23:19:09]   [ 86/97] A01643684: 주식회사 큐제드
[23:19:12]   [ 87/97] A01651751: 세안트레이드 주식회사
[23:19:15]   [ 88/97] A01688705: 디씨즈 [POWER]
[23:19:19]   [ 89/97] A01691820: 주식회사 프레시허브
[23:19:22]   [ 90/97] A01737727: 제철창고
[23:19:26]   [ 91/97] A01746328: 싱싱데이
[23:19:29]   [ 92/97] A01757520: 명해 주식회사
[23:19:33]   [ 93/97] A01785030: 주식회사온밀
[23:19:36]   [ 94/97] C01209766: HONG KONG RUI MAO DIGITAL TECHNOLOGY CO. , LIMITED [POWER]
[23:19:39]   [ 95/97] C01209767: HONG KONG ZHENGAN ELECTRONIC TECHNOLOGY  CO., LIMITED
[23:19:42]   [ 96/97] C01515362: SWIFTY JH LTD
[23:19:46]   [ 97/97] C01548895: HIKUMERT LLC
[23:19:48] Phase 7: 결과 저장...
[23:19:48]   저장: C:\Users\WDAGUtilityAccount\Desktop\ShipTestRun\output\간편과일_후레쉬컷_432506\coupang_category_반찬_간편식_대용식_20260927_230153_432506_try1.json
[23:19:49] [Decodo] 시도 1 성공 — 상품 134개, 판매자 97명
[23:19:49] [카테고리 3/13] 완료 — 간편과일/후레쉬컷 (432506)
[23:19:49] [카테고리 4/13] 시리얼/쉐이크/선식 (432531) 시작
[23:19:49]   카테고리 전환 쿨다운 39초...
[23:20:28] [Decodo] 카테고리 폴더: C:\Users\WDAGUtilityAccount\Desktop\ShipTestRun\output\시리얼_쉐이크_선식_432531
[23:20:28] [Decodo] 회선 확인 1/3 — user-sp3lqmo64w-session-t101518828-sessionduration-1440-country-kr
[23:20:29] [Decodo] 한국 회선 확인 — 221.140.142.73 (South Korea)
[23:20:29] [Decodo] 시도 1/3 — 한국 고정 회선 (user-sp3lqmo64w-session-t101518828-sessionduration-1440-country-kr)
[23:20:29]   [프록시] 경유: user-sp3lqmo64w-session-t101518828-sessionduration-1440-country-kr
[23:20:30]   Chromium 영속 프로필 사용: C:\Users\WDAGUtilityAccount\Desktop\ShipTestRun\output\시리얼_쉐이크_선식_432531\.chromium_profile_try1_c3a0104336\proxy
[23:20:30] Phase 1: 웜업 시작...
[23:20:36]   비로그인 세션입니다 — 익명 신뢰 등급으로 수집합니다.
[23:20:56]   Akamai 검증 완료.
[23:20:56] Phase 2: SRP 수집 — 카테고리 전용 모드, 건너뜀
[23:20:56] Phase 3: 가격 밴드 수집 — 카테고리 전용 모드, 건너뜀
[23:20:56] Phase 4: 카테고리 PLP 수집 — 시리얼/쉐이크/선식 외 0개 (카테고리당 최대 200페이지)
[23:20:56]   [1/1] 카테고리 '시리얼/쉐이크/선식' (432531) 시작
[23:20:56]     [진입] 홈에 카테고리 링크 없음 — 직접 접속으로 진행
[23:20:56]     [page 1] 로드...
[23:21:07]     [page 1] 신규 4개 (누적 4)
[23:21:07]     딜레이 19초...
[23:21:27]     [page 2] 로드...
[23:21:38]     [page 2] 신규 15개 (누적 19)
[23:21:38]     딜레이 20초...
[23:21:58]     [page 3] 로드...
[23:22:11]     [page 3] 신규 17개 (누적 36)
[23:22:11]     딜레이 19초...
[23:22:30]     [page 4] 로드...
[23:22:42]     [page 4] 신규 13개 (누적 49)
[23:22:42]     딜레이 20초...
[23:23:01]     [page 5] 로드...
[23:23:10]     [page 5] 신규 13개 (누적 62)
[23:23:10]     딜레이 17초...
[23:23:28]     [page 6] 로드...
[23:23:38]     [page 6] 신규 12개 (누적 74)
[23:23:38]     딜레이 16초...
[23:23:55]     [page 7] 로드...
[23:24:05]     [page 7] 신규 13개 (누적 87)
[23:24:05]     딜레이 15초...
[23:24:21]     [page 8] 로드...
[23:24:31]     [page 8] 신규 9개 (누적 96)
[23:24:31]     딜레이 18초...
[23:24:49]     [page 9] 로드...
[23:25:01]     [page 9] 신규 5개 (누적 101)
[23:25:01]     딜레이 17초...
[23:25:19]     [page 10] 로드...
[23:25:29]     [page 10] 신규 2개 (누적 103)
[23:25:29]     딜레이 15초...
[23:25:44]     [page 11] 로드...
[23:25:55]     [page 11] 신규 5개 (누적 108)
[23:25:55]     딜레이 19초...
[23:26:14]     [page 12] 로드...
[23:26:26]     [page 12] 신규 1개 (누적 109)
[23:26:26]     딜레이 20초...
[23:26:45]     [page 13] 로드...
[23:26:57]     [page 13] 신규 0개 (누적 109)
[23:26:57]     딜레이 16초...
[23:27:13]     [page 14] 로드...
[23:27:24]     [page 14] 신규 0개 (누적 109)
[23:27:24]     딜레이 15초...
[23:27:40]     [page 15] 로드...
[23:27:52]     [page 15] 신규 0개 (누적 109)
[23:27:52]     딜레이 19초...
[23:28:11]     [page 16] 로드...
[23:28:22]     [page 16] 신규 0개 (누적 109)
[23:28:22]     딜레이 20초...
[23:28:42]     [page 17] 로드...
[23:28:51]     [page 17] 신규 0개 (누적 109)
[23:28:51]     딜레이 17초...
[23:29:09]     [page 18] 로드...
[23:29:19]     [page 18] 신규 0개 (누적 109)
[23:29:19]     딜레이 17초...
[23:29:36]     [page 19] 로드...
[23:29:47]     [page 19] 신규 0개 (누적 109)
[23:29:47]     빈 페이지 2회 연속 — '시리얼/쉐이크/선식' 종료
[23:29:47] 수집 완료: 고유 상품 109개 (로켓 제외 911개)
[23:29:47] vendorItemId 109개 → 스토어 매핑 준비
[23:29:47]   [프록시] 2차 전환 — 판매자 API 단계는 회선 IP 세션으로 진행 (프록시 IP getStoreReview 403 실측)
[23:29:47]   [프록시] 2차 세션 — 회선 IP 직접 접속 (프록시 미사용)
[23:29:48]   Chromium 영속 프로필 사용: C:\Users\WDAGUtilityAccount\Desktop\ShipTestRun\output\시리얼_쉐이크_선식_432531\.chromium_profile_try1_c3a0104336\direct
[23:29:48] Phase 4.5: 2차 세션 웜업 (회선 IP)...
[23:29:51]   비로그인 세션입니다 — 익명 신뢰 등급으로 수집합니다.
[23:30:11]   2차 세션 준비 완료.
[23:30:11] Phase 5: vendor 매핑...
[23:30:20]   Batch 1/11: 10건 → 10건
[23:30:22]   Batch 2/11: 10건 → 10건
[23:30:23]   Batch 3/11: 10건 → 10건
[23:30:25]   Batch 4/11: 10건 → 10건
[23:30:27]   Batch 5/11: 10건 → 10건
[23:30:29]   Batch 6/11: 10건 → 10건
[23:30:31]   Batch 7/11: 10건 → 10건
[23:30:33]   Batch 8/11: 10건 → 10건
[23:30:35]   Batch 9/11: 10건 → 10건
[23:30:37]   Batch 10/11: 10건 → 10건
[23:30:38]   Batch 11/11: 9건 → 9건
[23:30:40]   고유 판매자: 80명
[23:30:40] Phase 6: 사업자정보 수집 (80명)...
[23:30:40]   [  1/80] A00003133: (주)오쎄
[23:30:43]   [  2/80] A00012321: 일동후디스(주)miBaby [POWER]
[23:30:46]   [  3/80] A00021314: 주식회사 영광상사 [POWER]
[23:30:49]   [  4/80] A00032180: 주식회사 인포벨 [POWER]
[23:30:52]   [  5/80] A00072788: 쉐르망
[23:30:56]   [  6/80] A00123448: (주)콤비타코리아
[23:30:59]   [  7/80] A00134066: ㈜서광물류
[23:31:02]   [  8/80] A00140280: 주식회사 케이티알파
[23:31:05]   [  9/80] A00145392: 혜랑인터내셔날
[23:31:08]   [ 10/80] A00151028: 주식회사 그리심 [POWER]
[23:31:11]   [ 11/80] A00161372: 주식회사 가든
[23:31:14]   [ 12/80] A00167777: (주)우리홈쇼핑(롯데홈쇼핑)
[23:31:17]   [ 13/80] A00189943: (주)씨앤아이물류 [POWER]
[23:31:20]   [ 14/80] A00190029: 제이웨이아이엔티 주식회사
[23:31:23]   [ 15/80] A00201517: 온24주식회사
[23:31:26]   [ 16/80] A00229899: 욤요미몰
[23:31:30]   [ 17/80] A00237950: 인영
[23:31:32]   [ 18/80] A00257843: 주식회사 올픽
[23:31:36]   [ 19/80] A00276122: 이에스퓨처스
[23:31:39]   [ 20/80] A00314380: (주)이엘라이즈
[23:31:42]   [ 21/80] A00314399: 미미크리 [POWER]
[23:31:45]   [ 22/80] A00395418: 주식회사 편한세상 [POWER]
[23:31:48]   [ 23/80] A00405003: 야심만만
[23:31:52]   [ 24/80] A00413236: 에코팩
[23:31:55]   [ 25/80] A00433920: 주식회사 에프앤엘코퍼레이션 [POWER]
[23:31:58]   [ 26/80] A00451791: 동인의료기
[23:32:01]   [ 27/80] A00613886: 주식회사 안녕새참
[23:32:04]   [ 28/80] A00615494: 한주상사 [POWER]
[23:32:08]   [ 29/80] A00617424: 브릿지마켓
[23:32:11]   [ 30/80] A00626737: 주식회사 명진컴퍼니
[23:32:14]   [ 31/80] A00650576: (주)친구들
[23:32:17]   [ 32/80] A00666468: 금농라이프케어
[23:32:20]   [ 33/80] A00678404: 아울(OWL)
[23:32:23]   [ 34/80] A00712381: 그린원푸드
[23:32:26]   [ 35/80] A00753125: 요미프렌즈
[23:32:29]   [ 36/80] A00759697: 단풍나무
[23:32:32]   [ 37/80] A00778968: 주식회사 이에스케어 [POWER]
[23:32:35]   [ 38/80] A00788593: (주)와우바이오텍
[23:32:39]   [ 39/80] A00852757: 포니얼
[23:32:43]   [ 40/80] A00863702: 뉴트랩
[23:32:46]   [ 41/80] A00877388: 서진유통
[23:32:49]   [ 42/80] A00914235: 세일즈샵
[23:32:52]   [ 43/80] A00972827: 드랍팩토리
[23:32:55]   [ 44/80] A00984017: 세영트레이드
[23:32:58]   [ 45/80] A00997997: 부성유통(S.H푸드)
[23:33:01]   [ 46/80] A01023463: (주)메가마트동래점
[23:33:04]   [ 47/80] A01024856: 럭셜마미 [POWER]
[23:33:07]   [ 48/80] A01092167: 주식회사 애드커넥트 [POWER]
[23:33:10]   [ 49/80] A01152192: 윤슬
[23:33:13]   [ 50/80] A01220588: 주식회사 지크 [POWER]
[23:33:16]   [ 51/80] A01221084: 이유컴퍼니
[23:33:19]   [ 52/80] A01241903: 주식회사 플래그
[23:33:22]   [ 53/80] A01252614: 베니스 비마트
[23:33:26]   [ 54/80] A01299583: 다온유통
[23:33:29]   [ 55/80] A01302737: 이신상회
[23:33:32]   [ 56/80] A01303849: 포에버 알이즈웰
[23:33:35]   [ 57/80] A01370053: 쟁이고 [POWER]
[23:33:39]   [ 58/80] A01371417: 엠유커머스 [POWER]
[23:33:42]   [ 59/80] A01385392: 세계로마트
[23:33:45]   [ 60/80] A01402522: 마루마켓
[23:33:48]   [ 61/80] A01421458: 윤소프트
[23:33:51]   [ 62/80] A01447638: 위시랩
[23:33:54]   [ 63/80] A01471391: 장바구니닷컴
[23:33:56]   [ 64/80] A01501267: 어반블루
[23:34:00]   [ 65/80] A01533269: 베스트제이
[23:34:03]   [ 66/80] A01546846: 진엘
[23:34:06]   [ 67/80] A01558869: 주식회사 이와이인터내셔널
[23:34:09]   [ 68/80] A01600766: 퍼스트내셔널
[23:34:12]   [ 69/80] A01609573: 다비DaVi
[23:34:16]   [ 70/80] A01616910: 민포레
[23:34:20]   [ 71/80] A01654711: 브랜드부니
[23:34:22]   [ 72/80] A01655800: 글로픽(Global Pick)
[23:34:25]   [ 73/80] A01661986: 현일마트
[23:34:28]   [ 74/80] A01680960: 리브엔
[23:34:31]   [ 75/80] A01685955: 루미아르
[23:34:34]   [ 76/80] A01688514: 주식회사파이어에스티
[23:34:37]   [ 77/80] A01688705: 디씨즈 [POWER]
[23:34:40]   [ 78/80] A01710642: 뷰티셀렉트
[23:34:43]   [ 79/80] A01721223: 주식회사프레쉬영 [POWER]
[23:34:46]   [ 80/80] C00183816: Bridge Link
[23:34:50] Phase 7: 결과 저장...
[23:34:50]   저장: C:\Users\WDAGUtilityAccount\Desktop\ShipTestRun\output\시리얼_쉐이크_선식_432531\coupang_category_반찬_간편식_대용식_20260927_230153_432531_try1.json
[23:34:50] [Decodo] 시도 1 성공 — 상품 109개, 판매자 80명
[23:34:50] [카테고리 4/13] 완료 — 시리얼/쉐이크/선식 (432531)
[23:34:50] [카테고리 5/13] 즉석밥/도시락 (432554) 시작
[23:34:50]   카테고리 전환 쿨다운 56초...
[23:35:46] [Decodo] 카테고리 폴더: C:\Users\WDAGUtilityAccount\Desktop\ShipTestRun\output\즉석밥_도시락_432554
[23:35:46] [Decodo] 회선 확인 1/3 — user-sp3lqmo64w-session-t101519746-sessionduration-1440-country-kr
[23:35:47] [Decodo] 한국 회선 확인 — 27.232.79.127 (South Korea)
[23:35:47] [Decodo] 시도 1/3 — 한국 고정 회선 (user-sp3lqmo64w-session-t101519746-sessionduration-1440-country-kr)
[23:35:47]   [프록시] 경유: user-sp3lqmo64w-session-t101519746-sessionduration-1440-country-kr
[23:35:48]   Chromium 영속 프로필 사용: C:\Users\WDAGUtilityAccount\Desktop\ShipTestRun\output\즉석밥_도시락_432554\.chromium_profile_try1_e2dab8b0e5\proxy
[23:35:48] Phase 1: 웜업 시작...
[23:35:53]   로그인 상태를 확인할 수 없습니다.
[23:36:13]   Akamai 검증 완료.
[23:36:13] Phase 2: SRP 수집 — 카테고리 전용 모드, 건너뜀
[23:36:13] Phase 3: 가격 밴드 수집 — 카테고리 전용 모드, 건너뜀
[23:36:13] Phase 4: 카테고리 PLP 수집 — 즉석밥/도시락 외 0개 (카테고리당 최대 200페이지)
[23:36:13]   [1/1] 카테고리 '즉석밥/도시락' (432554) 시작
[23:36:13]     [진입] 홈에 카테고리 링크 없음 — 직접 접속으로 진행
[23:36:13]     [page 1] 로드...
[23:36:22]     [page 1] 신규 2개 (누적 2)
[23:36:22]     딜레이 19초...
[23:36:41]     [page 2] 로드...
[23:36:54]     [page 2] 신규 3개 (누적 5)
[23:36:54]     딜레이 17초...
[23:37:11]     [page 3] 로드...
[23:37:21]     [page 3] 신규 6개 (누적 11)
[23:37:21]     딜레이 19초...
[23:37:39]     [page 4] 로드...
[23:37:52]     [page 4] 신규 7개 (누적 18)
[23:37:52]     딜레이 20초...
[23:38:12]     [page 5] 로드...
[23:38:23]     [page 5] 신규 6개 (누적 24)
[23:38:23]     딜레이 20초...
[23:38:43]     [page 6] 로드...
[23:38:54]     [page 6] 신규 13개 (누적 37)
[23:38:54]     딜레이 18초...
[23:39:12]     [page 7] 로드...
[23:39:21]     [page 7] 신규 11개 (누적 48)
[23:39:21]     딜레이 20초...
[23:39:41]     [page 8] 로드...
[23:39:52]     [page 8] 신규 14개 (누적 62)
[23:39:52]     딜레이 18초...
[23:40:10]     [page 9] 로드...
[23:40:22]     [page 9] 신규 9개 (누적 71)
[23:40:22]     딜레이 17초...
[23:40:39]     [page 10] 로드...
[23:40:51]     [page 10] 신규 5개 (누적 76)
[23:40:51]     딜레이 16초...
[23:41:07]     [page 11] 로드...
[23:41:17]     [page 11] 신규 3개 (누적 79)
[23:41:17]     딜레이 20초...
[23:41:36]     [page 12] 로드...
[23:41:48]     [page 12] 신규 0개 (누적 79)
[23:41:49]     딜레이 18초...
[23:42:06]     [page 13] 로드...
[23:42:16]     [page 13] 신규 0개 (누적 79)
[23:42:16]     딜레이 17초...
[23:42:33]     [page 14] 로드...
[23:42:44]     [page 14] 신규 0개 (누적 79)
[23:42:44]     딜레이 19초...
[23:43:03]     [page 15] 로드...
[23:43:13]     [page 15] 신규 0개 (누적 79)
[23:43:13]     딜레이 15초...
[23:43:29]     [page 16] 로드...
[23:43:40]     [page 16] 신규 0개 (누적 79)
[23:43:41]     딜레이 18초...
[23:43:58]     [page 17] 로드...
[23:44:08]     [page 17] 신규 0개 (누적 79)
[23:44:08]     딜레이 19초...
[23:44:27]     [page 18] 로드...
[23:44:39]     [page 18] 신규 0개 (누적 79)
[23:44:39]     딜레이 17초...
[23:44:56]     [page 19] 로드...
[23:45:08]     [page 19] 신규 0개 (누적 79)
[23:45:08]     빈 페이지 2회 연속 — '즉석밥/도시락' 종료
[23:45:08] 수집 완료: 고유 상품 79개 (로켓 제외 941개)
[23:45:08] vendorItemId 79개 → 스토어 매핑 준비
[23:45:08]   [프록시] 2차 전환 — 판매자 API 단계는 회선 IP 세션으로 진행 (프록시 IP getStoreReview 403 실측)
[23:45:08]   [프록시] 2차 세션 — 회선 IP 직접 접속 (프록시 미사용)
[23:45:09]   Chromium 영속 프로필 사용: C:\Users\WDAGUtilityAccount\Desktop\ShipTestRun\output\즉석밥_도시락_432554\.chromium_profile_try1_e2dab8b0e5\direct
[23:45:09] Phase 4.5: 2차 세션 웜업 (회선 IP)...
[23:45:12]   비로그인 세션입니다 — 익명 신뢰 등급으로 수집합니다.
[23:45:33]   2차 세션 준비 완료.
[23:45:33] Phase 5: vendor 매핑...
[23:45:43]   Batch 1/8: 10건 → 10건
[23:45:45]   Batch 2/8: 10건 → 10건
[23:45:47]   Batch 3/8: 10건 → 10건
[23:45:48]   Batch 4/8: 10건 → 10건
[23:45:50]   Batch 5/8: 10건 → 10건
[23:45:52]   Batch 6/8: 10건 → 10건
[23:45:53]   Batch 7/8: 10건 → 10건
[23:45:55]   Batch 8/8: 9건 → 9건
[23:45:57]   고유 판매자: 47명
[23:45:57] Phase 6: 사업자정보 수집 (47명)...
[23:45:58]   [  1/47] A00002600: 주식회사비즈제이
[23:46:01]   [  2/47] A00046970: 주식회사삼부
[23:46:04]   [  3/47] A00075245: 대경상사
[23:46:07]   [  4/47] A00083161: 휴지쟁이 [POWER]
[23:46:10]   [  5/47] A00102138: (주)푸드원
[23:46:14]   [  6/47] A00114832: 텍사스유통
[23:46:18]   [  7/47] A00118960: 주식회사 명일푸드
[23:46:21]   [  8/47] A00124967: (주)정원
[23:46:24]   [  9/47] A00132469: 우리
[23:46:28]   [ 10/47] A00151670: 모두유통 주식회사
[23:46:31]   [ 11/47] A00153050: 주식회사 메타센테라퓨틱스 [POWER]
[23:46:35]   [ 12/47] A00155166: 주식회사 케이씨물류 [POWER]
[23:46:38]   [ 13/47] A00196227: 이푸른(주) [POWER]
[23:46:40]   [ 14/47] A00202588: 카페이노스(주) [POWER]
[23:46:44]   [ 15/47] A00206573: 곤약닷컴주식회사 [POWER]
[23:46:47]   [ 16/47] A00229234: 주식회사 에이브
[23:46:51]   [ 17/47] A00230971: 푸드뱅크 주식회사
[23:46:54]   [ 18/47] A00240267: 바나나클럽
[23:46:57]   [ 19/47] A00266209: 주식회사 커넥트
[23:47:00]   [ 20/47] A00296726: (주)대신물산 [POWER]
[23:47:04]   [ 21/47] A00368652: 부산대원어묵
[23:47:07]   [ 22/47] A00434235: (주)굿드림
[23:47:11]   [ 23/47] A00470864: 마라의잡화점
[23:47:15]   [ 24/47] A00483750: 오뚜기mall [POWER]
[23:47:18]   [ 25/47] A00702625: 주식회사 네네린도
[23:47:21]   [ 26/47] A00717538: 디제이 펫 하우스
[23:47:24]   [ 27/47] A00951253: 제이알인터내셔널 주식회사
[23:47:27]   [ 28/47] A00973856: (주)이랜드팜앤푸드(서울) [POWER]
[23:47:31]   [ 29/47] A01074761: 다온개발
[23:47:35]   [ 30/47] A01082800: 블라썸플라워
[23:47:38]   [ 31/47] A01085184: (주)거궁푸드시스템
[23:47:41]   [ 32/47] A01144847: 마들렌
[23:47:44]   [ 33/47] A01162307: 미드샵
[23:47:47]   [ 34/47] A01228581: 청년의 희망
[23:47:50]   [ 35/47] A01245704: 주식회사 와이앤에이치에스
[23:47:54]   [ 36/47] A01264747: 아름드리 컴퍼니
[23:47:57]   [ 37/47] A01280642: 주식회사 브랜드뉴
[23:48:00]   [ 38/47] A01295553: (주)더가온 서울지점
[23:48:03]   [ 39/47] A01371308: 데일리컬렉션
[23:48:07]   [ 40/47] A01438523: 대신유통(DS) [POWER]
[23:48:11]   [ 41/47] A01478243: 만나푸드
[23:48:15]   [ 42/47] A01526225: 창조원주식회사
[23:48:18]   [ 43/47] A01547630: 위크몰
[23:48:22]   [ 44/47] A01598427: 친절떡방앗간
[23:48:25]   [ 45/47] A01680780: 은지유통
[23:48:28]   [ 46/47] A01727206: 링크커머스
[23:48:32]   [ 47/47] A01788419: 유앤제이스토어
[23:48:34] Phase 7: 결과 저장...
[23:48:34]   저장: C:\Users\WDAGUtilityAccount\Desktop\ShipTestRun\output\즉석밥_도시락_432554\coupang_category_반찬_간편식_대용식_20260927_230153_432554_try1.json
[23:48:35] [Decodo] 시도 1 성공 — 상품 79개, 판매자 47명
[23:48:35] [카테고리 5/13] 완료 — 즉석밥/도시락 (432554)
[23:48:35] [카테고리 6/13] 즉석죽/스프 (432568) 시작
[23:48:35]   카테고리 전환 쿨다운 43초...
[23:49:17] [Decodo] 카테고리 폴더: C:\Users\WDAGUtilityAccount\Desktop\ShipTestRun\output\즉석죽_스프_432568
[23:49:17] [Decodo] 회선 확인 1/3 — user-sp3lqmo64w-session-t101520557-sessionduration-1440-country-kr
[23:49:18] [Decodo] 한국 회선 확인 — 112.160.141.246 (South Korea)
[23:49:18] [Decodo] 시도 1/3 — 한국 고정 회선 (user-sp3lqmo64w-session-t101520557-sessionduration-1440-country-kr)
[23:49:18]   [프록시] 경유: user-sp3lqmo64w-session-t101520557-sessionduration-1440-country-kr
[23:49:19]   Chromium 영속 프로필 사용: C:\Users\WDAGUtilityAccount\Desktop\ShipTestRun\output\즉석죽_스프_432568\.chromium_profile_try1_a69ed6d872\proxy
[23:49:19] Phase 1: 웜업 시작...
[23:49:24]   로그인 상태를 확인할 수 없습니다.
[23:49:45]   Akamai 검증 완료.
[23:49:45] Phase 2: SRP 수집 — 카테고리 전용 모드, 건너뜀
[23:49:45] Phase 3: 가격 밴드 수집 — 카테고리 전용 모드, 건너뜀
[23:49:45] Phase 4: 카테고리 PLP 수집 — 즉석죽/스프 외 0개 (카테고리당 최대 200페이지)
[23:49:45]   [1/1] 카테고리 '즉석죽/스프' (432568) 시작
[23:49:45]     [진입] 홈에 카테고리 링크 없음 — 직접 접속으로 진행
[23:49:45]     [page 1] 로드...
[23:49:59]     [page 1] 신규 10개 (누적 10)
[23:49:59]     딜레이 17초...
[23:50:16]     [page 2] 로드...
[23:50:26]     [page 2] 신규 11개 (누적 21)
[23:50:26]     딜레이 17초...
[23:50:43]     [page 3] 로드...
[23:50:53]     [page 3] 신규 23개 (누적 44)
[23:50:53]     딜레이 15초...
[23:51:08]     [page 4] 로드...
[23:51:21]     [page 4] 신규 14개 (누적 58)
[23:51:21]     딜레이 19초...
[23:51:40]     [page 5] 로드...
[23:51:52]     [page 5] 신규 8개 (누적 66)
[23:51:52]     딜레이 20초...
[23:52:12]     [page 6] 로드...
[23:52:22]     [page 6] 신규 5개 (누적 71)
[23:52:22]     딜레이 19초...
[23:52:41]     [page 7] 로드...
[23:52:52]     [page 7] 신규 1개 (누적 72)
[23:52:52]     딜레이 16초...
[23:53:07]     [page 8] 로드...
[23:53:19]     [page 8] 신규 0개 (누적 72)
[23:53:19]     딜레이 17초...
[23:53:36]     [page 9] 로드...
[23:53:46]     [page 9] 신규 0개 (누적 72)
[23:53:46]     딜레이 15초...
[23:54:01]     [page 10] 로드...
[23:54:13]     [page 10] 신규 0개 (누적 72)
[23:54:13]     딜레이 17초...
[23:54:30]     [page 11] 로드...
[23:54:42]     [page 11] 신규 0개 (누적 72)
[23:54:42]     딜레이 19초...
[23:55:00]     [page 12] 로드...
[23:55:13]     [page 12] 신규 0개 (누적 72)
[23:55:13]     딜레이 20초...
[23:55:33]     [page 13] 로드...
[23:55:44]     [page 13] 신규 1개 (누적 73)
[23:55:44]     딜레이 17초...
[23:56:01]     [page 14] 로드...
[23:56:12]     [page 14] 신규 0개 (누적 73)
[23:56:12]     딜레이 17초...
[23:56:29]     [page 15] 로드...
[23:56:39]     [page 15] 신규 0개 (누적 73)
[23:56:39]     딜레이 16초...
[23:56:56]     [page 16] 로드...
[23:57:06]     [page 16] 신규 0개 (누적 73)
[23:57:06]     딜레이 17초...
[23:57:23]     [page 17] 로드...
[23:57:35]     [page 17] 신규 0개 (누적 73)
[23:57:35]     딜레이 18초...
[23:57:53]     [page 18] 로드...
[23:58:03]     [page 18] 신규 0개 (누적 73)
[23:58:03]     딜레이 19초...
[23:58:21]     [page 19] 로드...
[23:58:33]     [page 19] 신규 0개 (누적 73)
[23:58:33]     빈 페이지 2회 연속 — '즉석죽/스프' 종료
[23:58:33] 수집 완료: 고유 상품 73개 (로켓 제외 946개)
[23:58:33] vendorItemId 73개 → 스토어 매핑 준비
[23:58:33]   [프록시] 2차 전환 — 판매자 API 단계는 회선 IP 세션으로 진행 (프록시 IP getStoreReview 403 실측)
[23:58:33]   [프록시] 2차 세션 — 회선 IP 직접 접속 (프록시 미사용)
[23:58:34]   Chromium 영속 프로필 사용: C:\Users\WDAGUtilityAccount\Desktop\ShipTestRun\output\즉석죽_스프_432568\.chromium_profile_try1_a69ed6d872\direct
[23:58:34] Phase 4.5: 2차 세션 웜업 (회선 IP)...
[23:58:34]   [HTTP 403] https://www.coupang.com/
[23:58:36]     [차단 진단] 차단 응답 저장: C:\Users\WDAGUtilityAccount\Desktop\ShipTestRun\output\즉석죽_스프_432568\blocked_home_warmup_20260927_235836.html (Akamai 접근 거부 — 회선 또는 브라우저 상태 확인 필요 | Reference #18.fa3c117.1790521115.88973e17) (최종 URL: https://www.coupang.com/)
[23:58:36] 오류: 홈 웜업 단계에서 차단 감지: 소프트 블록 (445자) — Akamai 접근 거부 — 회선 또는 브라우저 상태 확인 필요. 사이트가 현재 접속을 거부했습니다.
[23:58:37]   차단 상태 기록: C:\Users\WDAGUtilityAccount\Desktop\ShipTestRun\output\즉석죽_스프_432568\coupang_block_state.json — 12시간 쿨다운 후 재시도하세요.
[23:58:37] [Decodo] 시도 1 실패 (blocked)
[23:58:37] [카테고리 6/13] 중단 — 즉석죽/스프 (432568) (error)
[23:58:37] [오류] 즉석죽/스프 (432568): 홈 웜업 단계에서 차단 감지: 소프트 블록 (445자) — Akamai 접근 거부 — 회선 또는 브라우저 상태 확인 필요. 사이트가 현재 접속을 거부했습니다.
[23:58:37] [실패] 즉석죽/스프 (432568): 홈 웜업 단계에서 차단 감지: 소프트 블록 (445자) — Akamai 접근 거부 — 회선 또는 브라우저 상태 확인 필요. 사이트가 현재 접속을 거부했습니다.
